---
source: tests/e2e/machine_contract.rs
assertion_line: 224
expression: normalize_for_snapshot(output)
---
{
  "command": "query.unresolved",
  "meta": {
    "query_time_ms": 0,
    "vault_path": "./tests/test-vault"
  },
  "params": {},
  "result": {
    "status": "success"
  },
  "timestamp": "TIMESTAMP",
  "version": "1.0"
}
