---
source: tests/e2e/machine_contract/init.rs
expression: normalize_for_snapshot(output)
---
{
  "command": "init.init",
  "meta": {
    "query_time_ms": 0,
    "vault_path": "./tests/test-vault"
  },
  "params": {
    "force": true
  },
  "result": {
    "status": "success"
  },
  "timestamp": "TIMESTAMP",
  "version": "1.0"
}
