---
source: tests/e2e/machine_contract/query.rs
expression: normalize_for_snapshot(output)
---
{
  "command": "search.unresolved",
  "meta": {
    "query_time_ms": 0,
    "vault_path": "./tests/test-vault"
  },
  "params": {},
  "result": {
    "items": [
      {
        "alias": null,
        "block_ref": null,
        "heading_ref": null,
        "is_embed": false,
        "note_id": 2,
        "note_path": "Daily Notes.md",
        "note_title": "Daily Notes"
      },
      {
        "alias": null,
        "block_ref": null,
        "heading_ref": null,
        "is_embed": false,
        "note_id": 4,
        "note_path": "Home.md",
        "note_title": "Home"
      },
      {
        "alias": null,
        "block_ref": null,
        "heading_ref": null,
        "is_embed": false,
        "note_id": 5,
        "note_path": "Ideas.md",
        "note_title": "Ideas"
      },
      {
        "alias": null,
        "block_ref": null,
        "heading_ref": null,
        "is_embed": false,
        "note_id": 5,
        "note_path": "Ideas.md",
        "note_title": "Ideas"
      },
      {
        "alias": null,
        "block_ref": null,
        "heading_ref": null,
        "is_embed": false,
        "note_id": 6,
        "note_path": "Learning Strategies.md",
        "note_title": "Learning Strategies"
      },
      {
        "alias": null,
        "block_ref": null,
        "heading_ref": null,
        "is_embed": false,
        "note_id": 9,
        "note_path": "Projects.md",
        "note_title": "Projects"
      },
      {
        "alias": null,
        "block_ref": null,
        "heading_ref": null,
        "is_embed": false,
        "note_id": 10,
        "note_path": "Software Architecture.md",
        "note_title": "Software Architecture"
      },
      {
        "alias": null,
        "block_ref": null,
        "heading_ref": null,
        "is_embed": false,
        "note_id": 11,
        "note_path": "Stoicism.md",
        "note_title": "Stoicism"
      },
      {
        "alias": null,
        "block_ref": null,
        "heading_ref": null,
        "is_embed": false,
        "note_id": 12,
        "note_path": "Zettelkasten Method.md",
        "note_title": "Zettelkasten Method"
      },
      {
        "alias": null,
        "block_ref": null,
        "heading_ref": null,
        "is_embed": false,
        "note_id": 1,
        "note_path": "Book Notes.md",
        "note_title": "Book Notes"
      },
      {
        "alias": null,
        "block_ref": null,
        "heading_ref": null,
        "is_embed": false,
        "note_id": 3,
        "note_path": "Deep Work.md",
        "note_title": "Deep Work"
      },
      {
        "alias": null,
        "block_ref": null,
        "heading_ref": null,
        "is_embed": false,
        "note_id": 4,
        "note_path": "Home.md",
        "note_title": "Home"
      },
      {
        "alias": null,
        "block_ref": null,
        "heading_ref": null,
        "is_embed": false,
        "note_id": 5,
        "note_path": "Ideas.md",
        "note_title": "Ideas"
      },
      {
        "alias": null,
        "block_ref": null,
        "heading_ref": null,
        "is_embed": false,
        "note_id": 5,
        "note_path": "Ideas.md",
        "note_title": "Ideas"
      },
      {
        "alias": null,
        "block_ref": null,
        "heading_ref": null,
        "is_embed": false,
        "note_id": 6,
        "note_path": "Learning Strategies.md",
        "note_title": "Learning Strategies"
      },
      {
        "alias": null,
        "block_ref": null,
        "heading_ref": null,
        "is_embed": false,
        "note_id": 8,
        "note_path": "Pomodoro Technique.md",
        "note_title": "Pomodoro Technique"
      },
      {
        "alias": null,
        "block_ref": null,
        "heading_ref": null,
        "is_embed": false,
        "note_id": 8,
        "note_path": "Pomodoro Technique.md",
        "note_title": "Pomodoro Technique"
      },
      {
        "alias": null,
        "block_ref": null,
        "heading_ref": null,
        "is_embed": false,
        "note_id": 9,
        "note_path": "Projects.md",
        "note_title": "Projects"
      },
      {
        "alias": null,
        "block_ref": null,
        "heading_ref": null,
        "is_embed": false,
        "note_id": 9,
        "note_path": "Projects.md",
        "note_title": "Projects"
      },
      {
        "alias": null,
        "block_ref": null,
        "heading_ref": null,
        "is_embed": false,
        "note_id": 10,
        "note_path": "Software Architecture.md",
        "note_title": "Software Architecture"
      },
      {
        "alias": null,
        "block_ref": null,
        "heading_ref": null,
        "is_embed": false,
        "note_id": 11,
        "note_path": "Stoicism.md",
        "note_title": "Stoicism"
      },
      {
        "alias": null,
        "block_ref": null,
        "heading_ref": null,
        "is_embed": false,
        "note_id": 12,
        "note_path": "Zettelkasten Method.md",
        "note_title": "Zettelkasten Method"
      },
      {
        "alias": null,
        "block_ref": null,
        "heading_ref": null,
        "is_embed": false,
        "note_id": 1,
        "note_path": "Book Notes.md",
        "note_title": "Book Notes"
      },
      {
        "alias": null,
        "block_ref": null,
        "heading_ref": null,
        "is_embed": false,
        "note_id": 2,
        "note_path": "Daily Notes.md",
        "note_title": "Daily Notes"
      },
      {
        "alias": null,
        "block_ref": null,
        "heading_ref": null,
        "is_embed": false,
        "note_id": 4,
        "note_path": "Home.md",
        "note_title": "Home"
      },
      {
        "alias": null,
        "block_ref": null,
        "heading_ref": null,
        "is_embed": false,
        "note_id": 5,
        "note_path": "Ideas.md",
        "note_title": "Ideas"
      },
      {
        "alias": null,
        "block_ref": null,
        "heading_ref": null,
        "is_embed": false,
        "note_id": 5,
        "note_path": "Ideas.md",
        "note_title": "Ideas"
      },
      {
        "alias": null,
        "block_ref": null,
        "heading_ref": null,
        "is_embed": false,
        "note_id": 6,
        "note_path": "Learning Strategies.md",
        "note_title": "Learning Strategies"
      },
      {
        "alias": null,
        "block_ref": null,
        "heading_ref": null,
        "is_embed": false,
        "note_id": 8,
        "note_path": "Pomodoro Technique.md",
        "note_title": "Pomodoro Technique"
      },
      {
        "alias": null,
        "block_ref": null,
        "heading_ref": null,
        "is_embed": false,
        "note_id": 9,
        "note_path": "Projects.md",
        "note_title": "Projects"
      },
      {
        "alias": null,
        "block_ref": null,
        "heading_ref": null,
        "is_embed": false,
        "note_id": 10,
        "note_path": "Software Architecture.md",
        "note_title": "Software Architecture"
      },
      {
        "alias": null,
        "block_ref": null,
        "heading_ref": null,
        "is_embed": false,
        "note_id": 11,
        "note_path": "Stoicism.md",
        "note_title": "Stoicism"
      },
      {
        "alias": null,
        "block_ref": null,
        "heading_ref": null,
        "is_embed": false,
        "note_id": 12,
        "note_path": "Zettelkasten Method.md",
        "note_title": "Zettelkasten Method"
      },
      {
        "alias": "Deep Work",
        "block_ref": null,
        "heading_ref": null,
        "is_embed": false,
        "note_id": 7,
        "note_path": "MarkDownLinks.md",
        "note_title": "MarkDownLinks"
      },
      {
        "alias": null,
        "block_ref": null,
        "heading_ref": null,
        "is_embed": false,
        "note_id": 2,
        "note_path": "Daily Notes.md",
        "note_title": "Daily Notes"
      },
      {
        "alias": null,
        "block_ref": null,
        "heading_ref": null,
        "is_embed": false,
        "note_id": 4,
        "note_path": "Home.md",
        "note_title": "Home"
      },
      {
        "alias": null,
        "block_ref": null,
        "heading_ref": null,
        "is_embed": false,
        "note_id": 1,
        "note_path": "Book Notes.md",
        "note_title": "Book Notes"
      },
      {
        "alias": null,
        "block_ref": null,
        "heading_ref": null,
        "is_embed": false,
        "note_id": 2,
        "note_path": "Daily Notes.md",
        "note_title": "Daily Notes"
      },
      {
        "alias": null,
        "block_ref": null,
        "heading_ref": null,
        "is_embed": false,
        "note_id": 3,
        "note_path": "Deep Work.md",
        "note_title": "Deep Work"
      },
      {
        "alias": null,
        "block_ref": null,
        "heading_ref": null,
        "is_embed": false,
        "note_id": 5,
        "note_path": "Ideas.md",
        "note_title": "Ideas"
      },
      {
        "alias": null,
        "block_ref": null,
        "heading_ref": null,
        "is_embed": false,
        "note_id": 6,
        "note_path": "Learning Strategies.md",
        "note_title": "Learning Strategies"
      },
      {
        "alias": "Home",
        "block_ref": null,
        "heading_ref": null,
        "is_embed": false,
        "note_id": 7,
        "note_path": "MarkDownLinks.md",
        "note_title": "MarkDownLinks"
      },
      {
        "alias": null,
        "block_ref": null,
        "heading_ref": null,
        "is_embed": false,
        "note_id": 8,
        "note_path": "Pomodoro Technique.md",
        "note_title": "Pomodoro Technique"
      },
      {
        "alias": null,
        "block_ref": null,
        "heading_ref": null,
        "is_embed": false,
        "note_id": 9,
        "note_path": "Projects.md",
        "note_title": "Projects"
      },
      {
        "alias": null,
        "block_ref": null,
        "heading_ref": null,
        "is_embed": false,
        "note_id": 11,
        "note_path": "Stoicism.md",
        "note_title": "Stoicism"
      },
      {
        "alias": null,
        "block_ref": null,
        "heading_ref": null,
        "is_embed": false,
        "note_id": 12,
        "note_path": "Zettelkasten Method.md",
        "note_title": "Zettelkasten Method"
      },
      {
        "alias": null,
        "block_ref": null,
        "heading_ref": null,
        "is_embed": false,
        "note_id": 1,
        "note_path": "Book Notes.md",
        "note_title": "Book Notes"
      },
      {
        "alias": null,
        "block_ref": null,
        "heading_ref": null,
        "is_embed": false,
        "note_id": 2,
        "note_path": "Daily Notes.md",
        "note_title": "Daily Notes"
      },
      {
        "alias": null,
        "block_ref": null,
        "heading_ref": null,
        "is_embed": false,
        "note_id": 4,
        "note_path": "Home.md",
        "note_title": "Home"
      },
      {
        "alias": null,
        "block_ref": null,
        "heading_ref": null,
        "is_embed": false,
        "note_id": 6,
        "note_path": "Learning Strategies.md",
        "note_title": "Learning Strategies"
      },
      {
        "alias": null,
        "block_ref": null,
        "heading_ref": null,
        "is_embed": false,
        "note_id": 8,
        "note_path": "Pomodoro Technique.md",
        "note_title": "Pomodoro Technique"
      },
      {
        "alias": null,
        "block_ref": null,
        "heading_ref": null,
        "is_embed": false,
        "note_id": 9,
        "note_path": "Projects.md",
        "note_title": "Projects"
      },
      {
        "alias": null,
        "block_ref": null,
        "heading_ref": null,
        "is_embed": false,
        "note_id": 11,
        "note_path": "Stoicism.md",
        "note_title": "Stoicism"
      },
      {
        "alias": null,
        "block_ref": null,
        "heading_ref": null,
        "is_embed": false,
        "note_id": 12,
        "note_path": "Zettelkasten Method.md",
        "note_title": "Zettelkasten Method"
      },
      {
        "alias": null,
        "block_ref": null,
        "heading_ref": null,
        "is_embed": false,
        "note_id": 1,
        "note_path": "Book Notes.md",
        "note_title": "Book Notes"
      },
      {
        "alias": null,
        "block_ref": null,
        "heading_ref": null,
        "is_embed": false,
        "note_id": 2,
        "note_path": "Daily Notes.md",
        "note_title": "Daily Notes"
      },
      {
        "alias": null,
        "block_ref": null,
        "heading_ref": null,
        "is_embed": false,
        "note_id": 2,
        "note_path": "Daily Notes.md",
        "note_title": "Daily Notes"
      },
      {
        "alias": null,
        "block_ref": null,
        "heading_ref": null,
        "is_embed": false,
        "note_id": 3,
        "note_path": "Deep Work.md",
        "note_title": "Deep Work"
      },
      {
        "alias": null,
        "block_ref": null,
        "heading_ref": null,
        "is_embed": false,
        "note_id": 4,
        "note_path": "Home.md",
        "note_title": "Home"
      },
      {
        "alias": null,
        "block_ref": null,
        "heading_ref": null,
        "is_embed": false,
        "note_id": 5,
        "note_path": "Ideas.md",
        "note_title": "Ideas"
      },
      {
        "alias": null,
        "block_ref": null,
        "heading_ref": null,
        "is_embed": false,
        "note_id": 5,
        "note_path": "Ideas.md",
        "note_title": "Ideas"
      },
      {
        "alias": null,
        "block_ref": null,
        "heading_ref": null,
        "is_embed": false,
        "note_id": 8,
        "note_path": "Pomodoro Technique.md",
        "note_title": "Pomodoro Technique"
      },
      {
        "alias": null,
        "block_ref": null,
        "heading_ref": null,
        "is_embed": false,
        "note_id": 9,
        "note_path": "Projects.md",
        "note_title": "Projects"
      },
      {
        "alias": null,
        "block_ref": null,
        "heading_ref": null,
        "is_embed": false,
        "note_id": 10,
        "note_path": "Software Architecture.md",
        "note_title": "Software Architecture"
      },
      {
        "alias": null,
        "block_ref": null,
        "heading_ref": null,
        "is_embed": false,
        "note_id": 11,
        "note_path": "Stoicism.md",
        "note_title": "Stoicism"
      },
      {
        "alias": null,
        "block_ref": null,
        "heading_ref": null,
        "is_embed": false,
        "note_id": 12,
        "note_path": "Zettelkasten Method.md",
        "note_title": "Zettelkasten Method"
      },
      {
        "alias": "Learning Strategies",
        "block_ref": null,
        "heading_ref": "Techniques",
        "is_embed": false,
        "note_id": 7,
        "note_path": "MarkDownLinks.md",
        "note_title": "MarkDownLinks"
      },
      {
        "alias": null,
        "block_ref": null,
        "heading_ref": null,
        "is_embed": false,
        "note_id": 1,
        "note_path": "Book Notes.md",
        "note_title": "Book Notes"
      },
      {
        "alias": null,
        "block_ref": null,
        "heading_ref": null,
        "is_embed": false,
        "note_id": 2,
        "note_path": "Daily Notes.md",
        "note_title": "Daily Notes"
      },
      {
        "alias": null,
        "block_ref": null,
        "heading_ref": null,
        "is_embed": false,
        "note_id": 3,
        "note_path": "Deep Work.md",
        "note_title": "Deep Work"
      },
      {
        "alias": null,
        "block_ref": null,
        "heading_ref": null,
        "is_embed": false,
        "note_id": 5,
        "note_path": "Ideas.md",
        "note_title": "Ideas"
      },
      {
        "alias": null,
        "block_ref": null,
        "heading_ref": null,
        "is_embed": false,
        "note_id": 6,
        "note_path": "Learning Strategies.md",
        "note_title": "Learning Strategies"
      },
      {
        "alias": null,
        "block_ref": null,
        "heading_ref": null,
        "is_embed": false,
        "note_id": 9,
        "note_path": "Projects.md",
        "note_title": "Projects"
      },
      {
        "alias": null,
        "block_ref": null,
        "heading_ref": null,
        "is_embed": false,
        "note_id": 10,
        "note_path": "Software Architecture.md",
        "note_title": "Software Architecture"
      },
      {
        "alias": null,
        "block_ref": null,
        "heading_ref": null,
        "is_embed": false,
        "note_id": 11,
        "note_path": "Stoicism.md",
        "note_title": "Stoicism"
      },
      {
        "alias": null,
        "block_ref": null,
        "heading_ref": null,
        "is_embed": false,
        "note_id": 1,
        "note_path": "Book Notes.md",
        "note_title": "Book Notes"
      },
      {
        "alias": null,
        "block_ref": null,
        "heading_ref": null,
        "is_embed": false,
        "note_id": 2,
        "note_path": "Daily Notes.md",
        "note_title": "Daily Notes"
      },
      {
        "alias": null,
        "block_ref": null,
        "heading_ref": null,
        "is_embed": false,
        "note_id": 2,
        "note_path": "Daily Notes.md",
        "note_title": "Daily Notes"
      },
      {
        "alias": null,
        "block_ref": null,
        "heading_ref": null,
        "is_embed": false,
        "note_id": 3,
        "note_path": "Deep Work.md",
        "note_title": "Deep Work"
      },
      {
        "alias": null,
        "block_ref": null,
        "heading_ref": null,
        "is_embed": false,
        "note_id": 4,
        "note_path": "Home.md",
        "note_title": "Home"
      },
      {
        "alias": null,
        "block_ref": null,
        "heading_ref": null,
        "is_embed": false,
        "note_id": 5,
        "note_path": "Ideas.md",
        "note_title": "Ideas"
      },
      {
        "alias": null,
        "block_ref": null,
        "heading_ref": null,
        "is_embed": false,
        "note_id": 5,
        "note_path": "Ideas.md",
        "note_title": "Ideas"
      },
      {
        "alias": null,
        "block_ref": null,
        "heading_ref": null,
        "is_embed": false,
        "note_id": 6,
        "note_path": "Learning Strategies.md",
        "note_title": "Learning Strategies"
      },
      {
        "alias": "Projects",
        "block_ref": "block123",
        "heading_ref": null,
        "is_embed": false,
        "note_id": 7,
        "note_path": "MarkDownLinks.md",
        "note_title": "MarkDownLinks"
      },
      {
        "alias": null,
        "block_ref": null,
        "heading_ref": null,
        "is_embed": false,
        "note_id": 8,
        "note_path": "Pomodoro Technique.md",
        "note_title": "Pomodoro Technique"
      },
      {
        "alias": null,
        "block_ref": null,
        "heading_ref": null,
        "is_embed": false,
        "note_id": 10,
        "note_path": "Software Architecture.md",
        "note_title": "Software Architecture"
      },
      {
        "alias": null,
        "block_ref": null,
        "heading_ref": null,
        "is_embed": false,
        "note_id": 11,
        "note_path": "Stoicism.md",
        "note_title": "Stoicism"
      },
      {
        "alias": null,
        "block_ref": null,
        "heading_ref": null,
        "is_embed": false,
        "note_id": 12,
        "note_path": "Zettelkasten Method.md",
        "note_title": "Zettelkasten Method"
      },
      {
        "alias": null,
        "block_ref": null,
        "heading_ref": null,
        "is_embed": false,
        "note_id": 1,
        "note_path": "Book Notes.md",
        "note_title": "Book Notes"
      },
      {
        "alias": null,
        "block_ref": null,
        "heading_ref": null,
        "is_embed": false,
        "note_id": 2,
        "note_path": "Daily Notes.md",
        "note_title": "Daily Notes"
      },
      {
        "alias": null,
        "block_ref": null,
        "heading_ref": null,
        "is_embed": false,
        "note_id": 4,
        "note_path": "Home.md",
        "note_title": "Home"
      },
      {
        "alias": null,
        "block_ref": null,
        "heading_ref": null,
        "is_embed": false,
        "note_id": 5,
        "note_path": "Ideas.md",
        "note_title": "Ideas"
      },
      {
        "alias": null,
        "block_ref": null,
        "heading_ref": null,
        "is_embed": false,
        "note_id": 5,
        "note_path": "Ideas.md",
        "note_title": "Ideas"
      },
      {
        "alias": null,
        "block_ref": null,
        "heading_ref": null,
        "is_embed": false,
        "note_id": 5,
        "note_path": "Ideas.md",
        "note_title": "Ideas"
      },
      {
        "alias": null,
        "block_ref": null,
        "heading_ref": null,
        "is_embed": false,
        "note_id": 6,
        "note_path": "Learning Strategies.md",
        "note_title": "Learning Strategies"
      },
      {
        "alias": null,
        "block_ref": null,
        "heading_ref": null,
        "is_embed": false,
        "note_id": 8,
        "note_path": "Pomodoro Technique.md",
        "note_title": "Pomodoro Technique"
      },
      {
        "alias": null,
        "block_ref": null,
        "heading_ref": null,
        "is_embed": false,
        "note_id": 9,
        "note_path": "Projects.md",
        "note_title": "Projects"
      },
      {
        "alias": null,
        "block_ref": null,
        "heading_ref": null,
        "is_embed": false,
        "note_id": 12,
        "note_path": "Zettelkasten Method.md",
        "note_title": "Zettelkasten Method"
      },
      {
        "alias": null,
        "block_ref": null,
        "heading_ref": null,
        "is_embed": false,
        "note_id": 1,
        "note_path": "Book Notes.md",
        "note_title": "Book Notes"
      },
      {
        "alias": null,
        "block_ref": null,
        "heading_ref": null,
        "is_embed": false,
        "note_id": 2,
        "note_path": "Daily Notes.md",
        "note_title": "Daily Notes"
      },
      {
        "alias": null,
        "block_ref": null,
        "heading_ref": null,
        "is_embed": false,
        "note_id": 2,
        "note_path": "Daily Notes.md",
        "note_title": "Daily Notes"
      },
      {
        "alias": null,
        "block_ref": null,
        "heading_ref": null,
        "is_embed": false,
        "note_id": 3,
        "note_path": "Deep Work.md",
        "note_title": "Deep Work"
      },
      {
        "alias": null,
        "block_ref": null,
        "heading_ref": null,
        "is_embed": false,
        "note_id": 4,
        "note_path": "Home.md",
        "note_title": "Home"
      },
      {
        "alias": null,
        "block_ref": null,
        "heading_ref": null,
        "is_embed": false,
        "note_id": 5,
        "note_path": "Ideas.md",
        "note_title": "Ideas"
      },
      {
        "alias": null,
        "block_ref": null,
        "heading_ref": null,
        "is_embed": false,
        "note_id": 5,
        "note_path": "Ideas.md",
        "note_title": "Ideas"
      },
      {
        "alias": null,
        "block_ref": null,
        "heading_ref": null,
        "is_embed": false,
        "note_id": 6,
        "note_path": "Learning Strategies.md",
        "note_title": "Learning Strategies"
      },
      {
        "alias": null,
        "block_ref": null,
        "heading_ref": null,
        "is_embed": false,
        "note_id": 8,
        "note_path": "Pomodoro Technique.md",
        "note_title": "Pomodoro Technique"
      },
      {
        "alias": null,
        "block_ref": null,
        "heading_ref": null,
        "is_embed": false,
        "note_id": 9,
        "note_path": "Projects.md",
        "note_title": "Projects"
      },
      {
        "alias": null,
        "block_ref": null,
        "heading_ref": null,
        "is_embed": false,
        "note_id": 3,
        "note_path": "Deep Work.md",
        "note_title": "Deep Work"
      },
      {
        "alias": null,
        "block_ref": null,
        "heading_ref": null,
        "is_embed": false,
        "note_id": 8,
        "note_path": "Pomodoro Technique.md",
        "note_title": "Pomodoro Technique"
      },
      {
        "alias": null,
        "block_ref": null,
        "heading_ref": null,
        "is_embed": false,
        "note_id": 1,
        "note_path": "Book Notes.md",
        "note_title": "Book Notes"
      },
      {
        "alias": null,
        "block_ref": null,
        "heading_ref": null,
        "is_embed": false,
        "note_id": 2,
        "note_path": "Daily Notes.md",
        "note_title": "Daily Notes"
      },
      {
        "alias": null,
        "block_ref": null,
        "heading_ref": null,
        "is_embed": false,
        "note_id": 4,
        "note_path": "Home.md",
        "note_title": "Home"
      },
      {
        "alias": null,
        "block_ref": null,
        "heading_ref": null,
        "is_embed": false,
        "note_id": 5,
        "note_path": "Ideas.md",
        "note_title": "Ideas"
      },
      {
        "alias": null,
        "block_ref": null,
        "heading_ref": null,
        "is_embed": false,
        "note_id": 5,
        "note_path": "Ideas.md",
        "note_title": "Ideas"
      },
      {
        "alias": null,
        "block_ref": null,
        "heading_ref": null,
        "is_embed": false,
        "note_id": 6,
        "note_path": "Learning Strategies.md",
        "note_title": "Learning Strategies"
      },
      {
        "alias": null,
        "block_ref": null,
        "heading_ref": null,
        "is_embed": false,
        "note_id": 8,
        "note_path": "Pomodoro Technique.md",
        "note_title": "Pomodoro Technique"
      },
      {
        "alias": null,
        "block_ref": null,
        "heading_ref": null,
        "is_embed": false,
        "note_id": 9,
        "note_path": "Projects.md",
        "note_title": "Projects"
      },
      {
        "alias": null,
        "block_ref": null,
        "heading_ref": null,
        "is_embed": false,
        "note_id": 10,
        "note_path": "Software Architecture.md",
        "note_title": "Software Architecture"
      }
    ],
    "total": 119
  },
  "timestamp": "TIMESTAMP"
}
