---
source: tests/e2e/machine_contract/index.rs
expression: normalize_for_snapshot(output)
---
{
  "command": "index.index",
  "meta": {
    "query_time_ms": 0,
    "vault_path": "./tests/test-vault"
  },
  "params": {
    "dry_run": false,
    "force": true,
    "verbose": false
  },
  "result": {
    "status": "success"
  },
  "timestamp": "TIMESTAMP",
  "version": "1.0"
}
